greeting_format
2024-03-16 20:53:49
('Artem',)
Hello Artem!
2024-03-16 20:53:49
0.00 seconds

greeting_format
2024-03-16 23:14:44
('Artem',)
Hello Artem!
2024-03-16 23:14:44
0.00 seconds

greeting_format
2024-03-16 23:16:48
('Artem',)
Hello Artem!
2024-03-16 23:16:48
0.00 seconds

